// Jest Snapshot v1, https://goo.gl/fbAQLP

exports[`renders correctly 1`] = `
<View
  style={
    Object {
      "flex": 1,
      "height": 1334,
    }
  }
  virtual={undefined}
>
  <RCTScrollView
    automaticallyAdjustContentInsets={false}
    contentContainerStyle={
      Array [
        Object {
          "padding": undefined,
        },
        undefined,
      ]
    }
    contentInset={
      Object {
        "bottom": 0,
      }
    }
    enableAutomaticScroll={true}
    enableResetScrollToCoords={true}
    extraHeight={75}
    extraScrollHeight={0}
    getScrollResponder={[Function]}
    handleOnScroll={[Function]}
    keyboardDismissMode="interactive"
    keyboardOpeningTime={250}
    keyboardShouldPersistTaps="handled"
    keyboardSpace={0}
    onScroll={[Function]}
    resetKeyboardSpace={[Function]}
    resetScrollToCoords={
      Object {
        "x": 0,
        "y": 0,
      }
    }
    scrollEventThrottle={1}
    scrollForExtraHeightOnAndroid={[Function]}
    scrollToEnd={[Function]}
    scrollToFocusedInput={[Function]}
    scrollToPosition={[Function]}
    showsVerticalScrollIndicator={true}
    style={
      Object {
        "backgroundColor": "transparent",
        "flex": 1,
      }
    }
    viewIsInsideTabBar={false}
    virtual={undefined}
  >
    <View>
      <View
        style={
          Object {
            "flex": 1,
            "flexDirection": "column",
          }
        }
      >
        <View
          size={2}
          style={
            Object {
              "flex": 2,
              "flexDirection": "row",
            }
          }
        >
          <View
            style={
              Object {
                "flex": 1,
                "flexDirection": "column",
                "padding": 10,
              }
            }
          >
            <View
              style={Object {}}
              virtual={undefined}
            >
              <View
                accessibilityComponentType={undefined}
                accessibilityLabel={undefined}
                accessibilityTraits={undefined}
                accessible={true}
                collapsable={undefined}
                hasTVPreferredFocus={undefined}
                hitSlop={undefined}
                isTVSelectable={true}
                nativeID={undefined}
                onLayout={undefined}
                onResponderGrant={[Function]}
                onResponderMove={[Function]}
                onResponderRelease={[Function]}
                onResponderTerminate={[Function]}
                onResponderTerminationRequest={[Function]}
                onStartShouldSetResponder={[Function]}
                style={
                  Object {
                    "alignItems": "center",
                    "backgroundColor": "transparent",
                    "borderBottomWidth": 1,
                    "borderColor": "#D9D5DC",
                    "borderLeftWidth": 0,
                    "borderRightWidth": 0,
                    "borderTopWidth": 0,
                    "flexDirection": "row",
                    "marginLeft": 15,
                    "opacity": 1,
                  }
                }
                testID={undefined}
                tvParallaxProperties={undefined}
              >
                <TextInput
                  allowFontScaling={true}
                  editable={true}
                  placeholder="Full Name"
                  placeholderTextColor="#575757"
                  style={
                    Object {
                      "color": "#000",
                      "flex": 1,
                      "fontSize": 17,
                      "height": 50,
                      "lineHeight": 24,
                      "paddingLeft": 5,
                      "paddingRight": 5,
                      "top": 1.5,
                    }
                  }
                  underlineColorAndroid="rgba(0,0,0,0)"
                  virtual={undefined}
                />
              </View>
              <View
                accessibilityComponentType={undefined}
                accessibilityLabel={undefined}
                accessibilityTraits={undefined}
                accessible={true}
                collapsable={undefined}
                hasTVPreferredFocus={undefined}
                hitSlop={undefined}
                isTVSelectable={true}
                nativeID={undefined}
                onLayout={undefined}
                onResponderGrant={[Function]}
                onResponderMove={[Function]}
                onResponderRelease={[Function]}
                onResponderTerminate={[Function]}
                onResponderTerminationRequest={[Function]}
                onStartShouldSetResponder={[Function]}
                style={
                  Object {
                    "alignItems": "center",
                    "backgroundColor": "transparent",
                    "borderBottomWidth": 1,
                    "borderColor": "#D9D5DC",
                    "borderLeftWidth": 0,
                    "borderRightWidth": 0,
                    "borderTopWidth": 0,
                    "flexDirection": "row",
                    "marginLeft": 15,
                    "opacity": 1,
                  }
                }
                testID={undefined}
                tvParallaxProperties={undefined}
              >
                <TextInput
                  allowFontScaling={true}
                  editable={true}
                  placeholder="Email"
                  placeholderTextColor="#575757"
                  style={
                    Object {
                      "color": "#000",
                      "flex": 1,
                      "fontSize": 17,
                      "height": 50,
                      "lineHeight": 24,
                      "paddingLeft": 5,
                      "paddingRight": 5,
                      "top": 1.5,
                    }
                  }
                  underlineColorAndroid="rgba(0,0,0,0)"
                  virtual={undefined}
                />
              </View>
              <View
                accessibilityComponentType={undefined}
                accessibilityLabel={undefined}
                accessibilityTraits={undefined}
                accessible={true}
                collapsable={undefined}
                hasTVPreferredFocus={undefined}
                hitSlop={undefined}
                isTVSelectable={true}
                nativeID={undefined}
                onLayout={undefined}
                onResponderGrant={[Function]}
                onResponderMove={[Function]}
                onResponderRelease={[Function]}
                onResponderTerminate={[Function]}
                onResponderTerminationRequest={[Function]}
                onStartShouldSetResponder={[Function]}
                style={
                  Object {
                    "alignItems": "center",
                    "backgroundColor": "transparent",
                    "borderBottomWidth": 1,
                    "borderColor": "#D9D5DC",
                    "borderLeftWidth": 0,
                    "borderRightWidth": 0,
                    "borderTopWidth": 0,
                    "flexDirection": "row",
                    "marginLeft": 15,
                    "opacity": 1,
                  }
                }
                testID={undefined}
                tvParallaxProperties={undefined}
              >
                <TextInput
                  allowFontScaling={true}
                  editable={true}
                  placeholder="Password"
                  placeholderTextColor="#575757"
                  style={
                    Object {
                      "color": "#000",
                      "flex": 1,
                      "fontSize": 17,
                      "height": 50,
                      "lineHeight": 24,
                      "paddingLeft": 5,
                      "paddingRight": 5,
                      "top": 1.5,
                    }
                  }
                  underlineColorAndroid="rgba(0,0,0,0)"
                  virtual={undefined}
                />
              </View>
              <View
                accessibilityComponentType={undefined}
                accessibilityLabel={undefined}
                accessibilityTraits={undefined}
                accessible={true}
                collapsable={undefined}
                hasTVPreferredFocus={undefined}
                hitSlop={undefined}
                isTVSelectable={true}
                nativeID={undefined}
                onLayout={undefined}
                onResponderGrant={[Function]}
                onResponderMove={[Function]}
                onResponderRelease={[Function]}
                onResponderTerminate={[Function]}
                onResponderTerminationRequest={[Function]}
                onStartShouldSetResponder={[Function]}
                style={
                  Object {
                    "alignItems": "center",
                    "backgroundColor": "transparent",
                    "borderBottomWidth": 1,
                    "borderColor": "#D9D5DC",
                    "borderLeftWidth": 0,
                    "borderRightWidth": 0,
                    "borderTopWidth": 0,
                    "flexDirection": "row",
                    "marginLeft": 15,
                    "opacity": 1,
                  }
                }
                testID={undefined}
                tvParallaxProperties={undefined}
              >
                <TextInput
                  allowFontScaling={true}
                  editable={true}
                  placeholder="Confirm Password"
                  placeholderTextColor="#575757"
                  style={
                    Object {
                      "color": "#000",
                      "flex": 1,
                      "fontSize": 17,
                      "height": 50,
                      "lineHeight": 24,
                      "paddingLeft": 5,
                      "paddingRight": 5,
                      "top": 1.5,
                    }
                  }
                  underlineColorAndroid="rgba(0,0,0,0)"
                  virtual={undefined}
                />
              </View>
            </View>
          </View>
        </View>
        <View
          size={1}
          style={
            Object {
              "flex": 1,
              "flexDirection": "row",
            }
          }
        >
          <View
            style={
              Object {
                "flex": 1,
                "flexDirection": "column",
                "padding": 10,
              }
            }
          >
            <View
              accessibilityComponentType={undefined}
              accessibilityLabel={undefined}
              accessibilityTraits={undefined}
              accessible={true}
              collapsable={undefined}
              hasTVPreferredFocus={undefined}
              hitSlop={undefined}
              isTVSelectable={true}
              nativeID={undefined}
              onLayout={undefined}
              onResponderGrant={[Function]}
              onResponderMove={[Function]}
              onResponderRelease={[Function]}
              onResponderTerminate={[Function]}
              onResponderTerminationRequest={[Function]}
              onStartShouldSetResponder={[Function]}
              style={
                Object {
                  "alignItems": "center",
                  "alignSelf": "stretch",
                  "backgroundColor": "transparent",
                  "borderBottomWidth": 1,
                  "borderColor": "#5cb85c",
                  "borderLeftWidth": 1,
                  "borderRadius": 57,
                  "borderRightWidth": 1,
                  "borderTopWidth": 1,
                  "borderWidth": 1,
                  "color": "red",
                  "elevation": null,
                  "flexDirection": "row",
                  "height": 45,
                  "justifyContent": "center",
                  "margin": 10,
                  "opacity": 1,
                  "paddingBottom": 6,
                  "paddingTop": 6,
                  "shadowColor": null,
                  "shadowOffset": null,
                  "shadowOpacity": null,
                  "shadowRadius": null,
                }
              }
              testID={undefined}
              tvParallaxProperties={undefined}
            />
          </View>
        </View>
      </View>
    </View>
  </RCTScrollView>
</View>
`;
